============================= test session starts =============================
platform win32 -- Python 3.13.7, pytest-8.4.2, pluggy-1.6.0 -- C:\Users\aleja\AppData\Local\Programs\Python\Python313\python.exe
cachedir: .pytest_cache
rootdir: C:\Users\aleja\amms\tests
plugins: Faker-37.6.0
collecting ... collected 1 item

test_IT_SM_003.py::test_maintenance_requests_complete USANDO BRAVE BROWSER
Login completado
Filas iniciales en tabla: 10
=== PROBANDO B┌SQUEDA ===
Filas despuΘs de buscar 'test': 1
Filas despuΘs de limpiar b·squeda: 1
=== PROBANDO FILTROS ===
Modal de filtros abierto
Selectores encontrados: 5
Campos de fecha encontrados: 2
Filtro aplicado en selector
Error en filtros: Message: element click intercepted: Element <button class="parametrization-filter-button ">...</button> is not clickable at point (531, 182). Other element would receive the click: <div data-state="open" class="fixed inset-0 bg-black/50 backdrop-blur-sm z-50" data-aria-hidden="true" aria-hidden="true" style="pointer-events: auto;"></div>
  (Session info: chrome=140.0.7339.207); For documentation on this error, please visit: https://www.selenium.dev/documentation/webdriver/troubleshooting/errors#elementclickinterceptedexception
Stacktrace:
	GetHandleVerifier [0x0x7ff63bd91eb5+80197]
	GetHandleVerifier [0x0x7ff63bd91f10+80288]
	(No symbol) [0x0x7ff63bb102fa]
	(No symbol) [0x0x7ff63bb6fe69]
	(No symbol) [0x0x7ff63bb6d7ee]
	(No symbol) [0x0x7ff63bb6a731]
	(No symbol) [0x0x7ff63bb69620]
	(No symbol) [0x0x7ff63bb5abc8]
	(No symbol) [0x0x7ff63bb9037a]
	(No symbol) [0x0x7ff63bb5a456]
	(No symbol) [0x0x7ff63bb90590]
	(No symbol) [0x0x7ff63bbb87fb]
	(No symbol) [0x0x7ff63bb90153]
	(No symbol) [0x0x7ff63bb58b02]
	(No symbol) [0x0x7ff63bb598d3]
	GetHandleVerifier [0x0x7ff63c04e83d+2949837]
	GetHandleVerifier [0x0x7ff63c048c6a+2926330]
	GetHandleVerifier [0x0x7ff63c0686c7+3055959]
	GetHandleVerifier [0x0x7ff63bdacfee+191102]
	GetHandleVerifier [0x0x7ff63bdb50af+224063]
	GetHandleVerifier [0x0x7ff63bd9af64+117236]
	GetHandleVerifier [0x0x7ff63bd9b119+117673]
	GetHandleVerifier [0x0x7ff63bd810a8+11064]
	BaseThreadInitThunk [0x0x7ffdfdc27374+20]
	RtlUserThreadStart [0x0x7ffdfde9cc91+33]

=== VERIFICANDO TABLA ===
Columnas de tabla: 9
Botones de acci≤n en tabla: 0
IT-SM-003 COMPLETADO: Funcionalidad de listado verificada con interacciones reales
PASSED

============================= 1 passed in 21.39s ==============================
